../Core/Src/main.c:72:5:__io_putchar	16	static
../Core/Src/main.c:77:6:LED_Init	8	static
../Core/Src/main.c:80:6:task_switch_LED	24	static
../Core/Src/main.c:96:5:main	8	static
../Core/Src/main.c:188:6:SystemClock_Config	88	static
../Core/Src/main.c:234:13:MX_USART2_UART_Init	8	static
../Core/Src/main.c:282:13:MX_GPIO_Init	48	static
../Core/Src/main.c:325:6:StartDefaultTask	24	static
../Core/Src/main.c:350:6:HAL_TIM_PeriodElapsedCallback	16	static
../Core/Src/main.c:367:6:Error_Handler	4	static,ignoring_inline_asm
