../Drivers/CMSIS/Include/core_cm4.h:1933:34:__NVIC_SystemReset	4	static,ignoring_inline_asm
../Core/Src/main.c:69:5:__io_putchar	16	static
../Core/Src/main.c:74:6:LED_Init	8	static
../Core/Src/main.c:78:6:task_switch_LED	24	static
../Core/Src/main.c:90:6:taskGive	24	static
../Core/Src/main.c:101:6:taskTake	16	static
../Core/Src/main.c:120:5:main	48	static
../Core/Src/main.c:207:6:SystemClock_Config	88	static
../Core/Src/main.c:253:13:MX_USART2_UART_Init	8	static
../Core/Src/main.c:301:13:MX_GPIO_Init	48	static
../Core/Src/main.c:344:6:StartDefaultTask	16	static
../Core/Src/main.c:363:6:HAL_TIM_PeriodElapsedCallback	16	static
../Core/Src/main.c:380:6:Error_Handler	4	static,ignoring_inline_asm
